# 
# Define locations of packages for loading
# This is the built in location map.  The user may have
# others.
#
package std.standard @ $LIB/vhd2008/std.vhd;
package std.textio @ $LIB/vhd2008/std_textio.vhd;
package ieee.std_logic_1164 @ $LIB/vhd2008/std1164.vhd e;
package ieee.std_logic_textio @ $LIB/vhd2008/std_logic_textio.vhd e;
package ieee.math_real @ $LIB/vhd/math_real.vhd e;
package ieee.math_complex @ $LIB/vhd/math_complex.vhd e;
package ieee.numeric_bit_unsigned @ $LIB/vhd2008/numeric_bit_unsigned.vhd e;
package ieee.numeric_std_unsigned @ $LIB/vhd2008/numeric_std_unsigned.vhd e;
package ieee.fixed_float_types @ $LIB/vhd2008/fixed_float_types.vhd e;
package ieee.fixed_generic_pkg @ $LIB/vhd2008/fixed_generic_pkg.vhd e;
package ieee.fixed_pkg @ $LIB/vhd2008/fixed_pkg.vhd e;
package ieee.float_generic_pkg @ $LIB/vhd2008/float_generic_pkg.vhd e;
package ieee.float_pkg @ $LIB/vhd2008/float_pkg.vhd e;
context ieee.ieee_std_context @ $LIB/vhd2008/std_context.vhd;
context ieee.ieee_bit_context @ $LIB/vhd2008/bit_context.vhd;

# enable only in cadence.map
# package ieee.std_logic_arith @ $LIB/vhd/cdn_arith.vhd;

# enable in location.map
package ieee.std_logic_arith @ $LIB/vhd2008/arith.vhd;

package ieee.std_logic_signed @ $LIB/vhd2008/signed.vhd;
package ieee.std_logic_unsigned @ $LIB/vhd2008/unsigned.vhd;
package ieee.std_logic_misc @ $LIB/vhd2008/misc.vhd;
package synopsys.std_logic_arith @ $LIB/vhd2008/arith.vhd;
package synopsys.std_logic_signed @ $LIB/vhd2008/signed.vhd;
package synopsys.std_logic_unsigned @ $LIB/vhd2008/unsigned.vhd;
package synopsys.std_logic_misc @ $LIB/vhd2008/misc.vhd;
package ieee.numeric_std @ $LIB/vhd2008/numeric.vhd;
package ieee.numeric_bit @ $LIB/vhd2008/numeric_bit.vhd;
package xl.xl_std @ $LIB/vhd/xl_std.vhd;
package xl.xl_gates @ $LIB/vhd/xl_gates.vhd;
package synergy.signed_arith @ $LIB/vhd/synergy_signed.vhd;
library orca @ $LIB/lucent/orca2.vhd;
library orca2 @ $LIB/lucent/orca2.vhd;
library orca3 @ $LIB/lucent/orca3.vhd;
library orca4 @ $LIB/lucent/orca4.vhd;
library xp @ $LIB/lucent/xp.vhd;
package xp.components @ $LIB/lucent/xp.vhd;
library machxo @ $LIB/lucent/machxo.vhd;
package machxo.components @ $LIB/lucent/machxo.vhd;
library magma @ $LIB/lucent/xp.vhd;
package magma.components @ $LIB/lucent/xp.vhd;
library sc @ $LIB/lucent/sc.vhd;
package sc.components @ $LIB/lucent/sc.vhd;
library orca5 @ $LIB/lucent/sc.vhd;
library ec @ $LIB/lucent/ec.vhd;
package ec.components @ $LIB/lucent/ec.vhd;
library e5gsc @ $LIB/lucent/ec.vhd;
library ecp @ $LIB/lucent/ecp.vhd;
package ecp.components @ $LIB/lucent/ecp.vhd;
library ecp2 @ $LIB/lucent/ecp2.vhd;
package ecp2.components @ $LIB/lucent/ecp2.vhd;
library ecp2s @ $LIB/lucent/ecp2s.vhd;
package ecp2s.components @ $LIB/lucent/ecp2s.vhd;
library ecp2ms @ $LIB/lucent/ecp2ms.vhd;
package ecp2ms.components @ $LIB/lucent/ecp2ms.vhd;
library ecp3 @ $LIB/lucent/ecp3.vhd;
package ecp3.components @ $LIB/lucent/ecp3.vhd;
library ecp5u @ $LIB/lucent/ecp5u.vhd;
package ecp5u.components @ $LIB/lucent/ecp5u.vhd;
library ecp5um @ $LIB/lucent/ecp5um.vhd;
package ecp5um.components @ $LIB/lucent/ecp5um.vhd;
library ecp5um5g @ $LIB/lucent/ecp5um5g.vhd;
package ecp5um5g.components @ $LIB/lucent/ecp5um5g.vhd;
library lifmd @ $LIB/lucent/lifmd.vhd;
package lifmd.components @ $LIB/lucent/lifmd.vhd;
library pmi @ $LIB/lucent/pmi_def.vhd;
package pmi.pmi_components @ $LIB/lucent/pmi_def.vhd;
library lptm @ $LIB/lucent/lptm.vhd;
package lptm.components @ $LIB/lucent/lptm.vhd;
library lptm2 @ $LIB/lucent/lptm2.vhd;
package lptm2.components @ $LIB/lucent/lptm2.vhd;
library machxo2 @ $LIB/lucent/machxo2.vhd;
package machxo2.components @ $LIB/lucent/machxo2.vhd;
library machxo3l @ $LIB/lucent/machxo3l.vhd;
package machxo3l.components @ $LIB/lucent/machxo3l.vhd;
library machxo3lf @ $LIB/lucent/machxo3lf.vhd;
package machxo3lf.components @ $LIB/lucent/machxo3lf.vhd;
library machxo3d @ $LIB/lucent/machxo3d.vhd;
package machxo3d.components @ $LIB/lucent/machxo3d.vhd;
library ecp2m @ $LIB/lucent/ecp2m.vhd;
package ecp2m.components @ $LIB/lucent/ecp2m.vhd;
library scm @ $LIB/lucent/scm.vhd;
package scm.components @ $LIB/lucent/scm.vhd;
library xp2 @ $LIB/lucent/xp2.vhd;
package xp2.components @ $LIB/lucent/xp2.vhd;
library mach @ $LIB/cpld/mach.vhd;
package mach.components @ $LIB/cpld/mach.vhd;
library lattice @ $LIB/cpld/lattice.vhd;
package lattice.components @ $LIB/cpld/lattice.vhd;
library lat_vhd @ $LIB/cpld/lattice.vhd;
package lat_vhd.components @ $LIB/cpld/lattice.vhd;
library xpga @ $LIB/lattice/lava1.vhd;
package xpga.components @ $LIB/lattice/lava1.vhd;
library lava1 @ $LIB/lattice/lava1.vhd;
package lava1.components @ $LIB/lattice/lava1.vhd;
package synplify.attributes @ $LIB/vhd/synattr.vhd;
package synopsys.attributes @ $LIB/vhd/attributes.vhd;
library synplify @ $LIB/vhdl_sim/synplify.vhd;
package synplify.utilities @ $LIB/vhd/synutils.vhd;
package synplify.components @ $LIB/vhdl_sim/synplify.vhd;
library lpm @ $LIB/vhd/lpm.vhd;
package lpm.lpm_components @ $LIB/vhd/lpm.vhd;
library eclipse @ $LIB/qlogic/eclipse.vhd;
package eclipse.components @ $LIB/qlogic/eclipse.vhd;
library DWARE @ $LIB/designware/dware.vhd e;
package DWARE.Dwpackages @ $LIB/designware/dware_comp.vhd;
package DWARE.DW_Foundation_comp @ $LIB/designware/dware_comp.vhd;
package DWARE.DW_Foundation_comp_arith @ $LIB/designware/dware_comp.vhd;
library dw06 @ $LIB/designware/dw06.vhd e;
package dw06.DW06_components @ $LIB/designware/dw06_comp.vhd;
library dw04 @ $LIB/designware/dw04.vhd e;
package dw04.DW04_components @ $LIB/designware/dw04_comp.vhd;
library dw03 @ $LIB/designware/dw03.vhd e;
package dw03.DW03_components @ $LIB/designware/dw03_comp.vhd;
library dw02 @ $LIB/designware/dw02.vhd e;
package dw02.DW02_components @ $LIB/designware/dw02_comp.vhd;
library dw01 @ $LIB/designware/dw01.vhd e;
package dw01.DW01_components @ $LIB/designware/dw01_comp.vhd;
if vivado
else
endif
library certify @ $LIB/vhdl_sim/certify.vhd;
package certify.simulate @ $LIB/vhdl_sim/certify.vhd;
library accellera_ovl_vhdl @ $LIB/synovl/std_ovl.vhd;

# SBT specific setup
library sb_ice_components_syn @ $LIB/generic/sb_ice_components_syn.vhd;
package sb_ice_components_syn.components @ $LIB/generic/sb_ice_components_syn.vhd;
library sb_ice40_components_syn  @ $LIB/generic/sb_ice40_components_syn.vhd;
package sb_ice40_components_syn.components @ $LIB/generic/sb_ice40_components_syn.vhd;
library ice40up @ $LIB/generic/ice40up.vhd;
package ice40up.components @ $LIB/generic/ice40up.vhd;




#builtin_ip maps
library syn_builtin_ip @ $LIB/synip/syn_builtin_ip/syn_asym_tdp_ram_model.vhd;
library syn_builtin_ip @ $LIB/synip/syn_builtin_ip/syn_asym_tdp_ram.vhd;
